assbuck: {}
rem: 5000
faggot:{(9, 65): 0}myhills:[(9, 65)]protector:(9, 65)rem (building af): 4990
fagassballs: 77
fagassballs: 77
rem (expressing genome...): 2830
rem (applying forces): 450
rem: 450
rem: 5000
faggot:{(9, 65): 0}myhills:[(9, 65)]protector:(9, 66)rem (building af): 4991
fagassballs: 77
fagassballs: 77
rem (expressing genome...): 2821
rem (applying forces): 460
rem: 460
rem: 5000
faggot:{(9, 65): 0}myhills:[(9, 65)]protector:(9, 67)rem (building af): 4991
fagassballs: 77
fagassballs: 77
rem (expressing genome...): 2821
rem (applying forces): 451
rem: 451
rem: 5000
faggot:{(9, 65): 0}myhills:[(9, 65)]protector:(9, 68)rem (building af): 5000
